sudo su -
Last login: Sat Feb 24 08:00:51 UTC 2018 on pts/0
[root@ip-172-31-25-41 ~]# ls ./opt/
aws
[root@ip-172-31-25-41 ~]# wget  https://releases.hashicorp.com/packer/0.10.1/packer_0.10.1_linux_amd 64.zip

[root@ip-172-31-25-41 ~]# systemservice status hjen\jenkkiins
status: unrecognized service
[root@ip-172-31-25-41 ~]# service jenmkiunns status
jenkins (pid  2569) is running...
[root@ip-172-31-25-41 ~]# wget  https://releases.hashicorp.com/packer/0.10.1/packer_0.10.1_linux_amd 64.zip
--2018-03-03 14:27:02--  https://releases.hashicorp.com/packer/0.10.1/packer_0.10.1_linux_amd64.zip
Resolving releases.hashicorp.com (releases.hashicorp.com)... 151.101.73.183, 2a04:4e42:11::439
Connecting to releases.hashicorp.com (releases.hashicorp.com)|151.101.73.183|:443... connected.
HTTP request sent, awaiting response... 200 OK
Length: 8985735 (8.6M) [application/zip]
Saving to: Åepacker_0.10.1_linux_amd64.zipÅf

packer_0.10.1_linux_amd6   0%[                                   ]       0  --.-KB/s               packer_0.10.1_linux_amd6  94%[================================>  ]   8.11M  40.6MB/s               packer_0.10.1_linux_amd6 100%[==================================>]   8.57M  41.3MB/s    in 0.2s    

2018-03-03 14:27:02 (41.3 MB/s) - Åepacker_0.10.1_linux_amd64.zipÅf saved [8985735/8985735]

[root@ip-172-31-25-41 ~]# unzip packer_0.10.1_linux_amd64.zip -d /opt/packer/
Archive:  packer_0.10.1_linux_amd64.zip
  inflating: /opt/packer/packer      
[root@ip-172-31-25-41 ~]# export PATH=/opt/packer:$PATH
[root@ip-172-31-25-41 ~]# echo 'export PATH=/opt/packer:$PATH' >> ~/.bashrc
[root@ip-172-31-25-41 ~]# packer version
Packer v0.10.1

Your version of Packer is out of date! The latest version
is 1.2.1. You can update by downloading from www.packer.io
[root@ip-172-31-25-41 ~]# [root@ip-172-31-25-41 ~]# vi /opt/packer/hikitsugi2.json
"/opt/packer/hikitsugi2.json" [New File]~                                                                                                   ~                                                                                                   ~                                                                                                   ~                                                                                                   ~                                                                                                   ~                                                                                                   ~                                                                                                   ~                                                                                                   ~                                                                                                   ~                                                                                                   ~                                                                                                   ~                                                                                                   ~                                                                                                   ~                                                                                                   ~                                                                                                   ~                                                                                                   ~                                                                                                   ~                                                                                                   ~                                                                                                   ~                                                                                                   ~                                                                                                   ~                                                                                                   ~                                                                                                   -- INSERT --{    "builders":    [{"type": "amazon-ebs","access_key": "AKIAJUKXTNENIJIOEHFA","secret_key": "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","ami_name": "hikitsugi2","region": "ap-northeast-1","source_ami": "ami-ceafcba8","instance_type": "t2.micro",
            "ssh_username": "ec2-user"}    ],
    "provisioners": [{
            "type": "shell","inline": [ "echo hello world" ]
        }    ]}-- INSERT --


:wq"/opt/packer/hikitsugi2.json" [New] 22L, 530C written
[root@ip-172-31-25-41 ~]# packer validate hikitsugi2.json && echo $?
Failed to parse template: open hikitsugi2.json: no such file or directory
[root@ip-172-31-25-41 ~]# packer validate /opt/packer/hikitsugi2.json && echo $?
Template validated successfully.
0
[root@ip-172-31-25-41 ~]# ls
packer_0.10.1_linux_amd64.zip
[root@ip-172-31-25-41 ~]# lspacker validate /opt/packer/hikitsugi2.json && echo $?vi /opt/packer/hikitsugi2.json
"/opt/packer/hikitsugi2.json" 22L, 530C{
    "builders":
    [{"type": "amazon-ebs","access_key": "AKIAJUKXTNENIJIOEHFA","secret_key": "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","ami_name": "hikitsugi2","region": "ap-northeast-1","source_ami": "ami-ceafcba8","instance_type": "t2.micro","ssh_username": "ec2-user"}
    ],
    "provisioners": [{"type": "shell","inline": [ "echo hello world" ]}
    ]
}

~                                                                                                   ~                                                                                                   



            "type": "mazon-ebs",azon-ebs",zon-ebs",on-ebs",n-ebs",-ebs",ebs",bs",s",",-- INSERT --x",x",x",:wq"/opt/packer/hikitsugi2.json" 22L, 523C written
[root@ip-172-31-25-41 ~]# vi /opt/packer/hikitsugi2.jsonlspacker validate /opt/packer/hikitsugi2.json && echo $?
Failed to initialize build 'xxx': builder type not found: xxx
[root@ip-172-31-25-41 ~]# packer validate /opt/packer/hikitsugi2.json && echo $?||
Failed to initialize build 'xxx': builder type not found: xxx
1
[root@ip-172-31-25-41 ~]# ls
packer_0.10.1_linux_amd64.zip
[root@ip-172-31-25-41 ~]# rm /opt/packer/hikitsugi2.json 
rm: remove regular file Åe/opt/packer/hikitsugi2.jsonÅf? y
[root@ip-172-31-25-41 ~]# ls /opt/packer/hiki
packer
[root@ip-172-31-25-41 ~]# exit
logout
[ec2-user@ip-172-31-25-41 ~]$ exit
logout
